mode: set
github.com/Zeta201/test/main.go:3.23,5.2 1 1
github.com/Zeta201/test/main.go:7.22,9.2 1 0
github.com/Zeta201/test/main.go:12.13,16.2 0 0
